
> expense-app@0.1.0 build
> next build

▲ Next.js 16.1.6 (Turbopack)
- Environments: .env.local

  Creating an optimized production build ...
✓ Compiled successfully in 7.5s
  Running TypeScript ...
  Collecting page data using 7 workers ...
  Generating static pages using 7 workers (0/10) ...
  Generating static pages using 7 workers (2/10) 
  Generating static pages using 7 workers (4/10) 
  Generating static pages using 7 workers (7/10) 
✓ Generating static pages using 7 workers (10/10) in 604.5ms
  Finalizing page optimization ...

Route (app)
┌ ○ /
├ ○ /_not-found
├ ○ /comparison
├ ○ /expenses
├ ○ /income
├ ○ /login
├ ○ /profile
├ ƒ /transactions
└ ○ /yearly


○  (Static)   prerendered as static content
ƒ  (Dynamic)  server-rendered on demand

