
> expense-app@0.1.0 build
> next build

Γû▓ Next.js 16.1.6 (Turbopack)
- Environments: .env.local

  Creating an optimized production build ...
Γ£ô Compiled successfully in 8.1s
  Running TypeScript ...
  Collecting page data using 7 workers ...
  Generating static pages using 7 workers (0/10) ...
  Generating static pages using 7 workers (2/10) 
  Generating static pages using 7 workers (4/10) 
  Generating static pages using 7 workers (7/10) 
Γ£ô Generating static pages using 7 workers (10/10) in 651.0ms
  Finalizing page optimization ...

Route (app)
Γöî Γùï /
Γö£ Γùï /_not-found
Γö£ Γùï /comparison
Γö£ Γùï /expenses
Γö£ Γùï /income
Γö£ Γùï /login
Γö£ Γùï /profile
Γö£ ╞Æ /transactions
Γöö Γùï /yearly


Γùï  (Static)   prerendered as static content
╞Æ  (Dynamic)  server-rendered on demand

